// Jest Snapshot v1, https://goo.gl/fbAQLP

exports[`TodoList component should renders 1`] = `
<DocumentFragment>
  <ul
    class="TodoList"
  >
    <li
      class="TodoItem"
      data-testid="todo-item"
    >
      <h3>
        title
      </h3>
      <p>
        descriptoin
      </p>
    </li>
  </ul>
</DocumentFragment>
`;
